// Jest Snapshot v1, https://goo.gl/fbAQLP

exports[`button component should match snapshot 1`] = `
<div
  className="custom-button"
>
  Vender
</div>
`;
